[TOC]

# 字符型占用字节长度

| TYPE         | COMMENT        | N的意义    | 是否有字符集 | 最大长度 |
| ------------ | -------------- | ---------- | ------------ | -------- |
| CHAR(N)      | 定长           | 字符的个数 | 有           | 255      |
| VARCHAR(N)   | 变长字符       | 字符的个数 | 有           | 16384    |
| BINARY(N)    | 定长二进制字节 | 字节的个数 | 否           | 255      |
| VARBINARY(N) | 变长二进制字节 | 字节的个数 | 否           | 16384    |
| TINYBLOB     | 二进制大对象   | 字节的个数 | 否           | 256      |
| BLOB         | 二进制大对象   | 字节的个数 | 否           | 16K      |
| MEDIUMBLOB   | 二进制大对象   | 字节的个数 | 否           | 16M      |
| LONGBLOB     | 二进制大对象   | 字节的个数 | 否           | 4G       |
| TINYTEXT     | 大对象         | 字节的个数 | 是           | 256      |
| TEXT         | 大对象         | 字节的个数 | 是           | 16K      |
| MEDIUMTEXT   | 大对象         | 字节的个数 | 是           | 16M      |
| LONGTEXT     | 大对象         | 字节的个数 | 是           | 4G       |



1. 字符类型中仅有CHAR(N)和VARCHAR(N)中的“N”均表示字符长度，而非字节长度。
2. 在定长的字符中没有字符的位数以空格填充。
3. InnoDB为CHAR(N)保留至少N个字节。
4. 建议不要在数据库中存储“大对象”，犹其是类似视频、图片等。
5. 在“BLOB”和“TEXT”类型的列上创建索引时，因为“BLOB”和“TEXT”可存储的内容非常长因此在创建索引时必须指定索引前缀的长度（指定索引前缀长度见示例1），对于非二进制字符串类型，前缀长度以字符形式给出；对于二进制字符串类型，前缀长度以字节形式给出。
6. “BLOB”和“TEXT”列不能有默认值。
7. “BLOB”和“TEXT”列排序时只使用该列的前“max_sort_length”个字节（“max_sort_length”是由系统变量定义，见示例2）进行排序。
8. 对于“BINARY”和“BLOB”类型的字符串是没有字符集的。

示例1：在TEXT型的列上创建索引

```
mysql> create table t2 (id int not null, comment text , key(comment));
ERROR 1170 (42000): BLOB/TEXT column 'comment' used in key specification without a key length

mysql> create table t2 (id int not null, comment text , key(comment(32)));
```

示例2：

```
mysql> select @@session.max_sort_length;
+---------------------------+
| @@session.max_sort_length |
+---------------------------+
|                      1024 |
+---------------------------+

mysql> select @@global.max_sort_length;            
+--------------------------+
| @@global.max_sort_length |
+--------------------------+
|                     1024 |
+--------------------------+
```

# 字符集

是一个系统支持的所有抽象字符的集合。

1. 通过“SHOW CHARSET/SHOW CHARACTER SET”可查看MySQL数据库支持的字符集（见示例1）。
2. 常见的字符集：utf8、utf8mb4、gbk、gb18030（从MySQL5.7开始支持gb18030字符集），生产环境下建议使用“utf8mb4”字符集。
	gbk有很多符无法存储，而使用“gb18030”会使得对中文字符的支持比较好。
3. “Maxlen”表示该字符集占用的最大字节长度。
4. 在“CREATE DATABASE”或“CREATE TABLE”时指定字符集（如在创建DATABASE时指定了字符集，在该库下创建的表默认也会使用创建库时指定的字符集，见示例6）。
5. 在配置文件中通过“character_set_server”来指定服务器端的字符集。

建库时指定字符集：

```
CREATE {DATABASE | SCHEMA} [IF NOT EXISTS] db_name [create_specification] ...

create_specification：
		[DEFAULT] CHARACTER SET [=] charset_name | [DEFAULT] COLLATE [=] collation_name
```

建表时指定字符集：

```
CREATE TABLE tb_name (column_name ...) CHARSET=charset_name
```

建表时为每个列指定字符集：

```
CREATE TABLE tb_name (column_name1 CHARSET charset_name1, column_name2 CHARSET charset_name2) CHARSET=charset_name3
```



## 示例1——查看支持的字符集

```
mysql> show character set;
+----------+---------------------------------+---------------------+--------+
| Charset  | Description                     | Default collation   | Maxlen |
+----------+---------------------------------+---------------------+--------+
| big5     | Big5 Traditional Chinese        | big5_chinese_ci     |      2 |
| dec8     | DEC West European               | dec8_swedish_ci     |      1 |
| cp850    | DOS West European               | cp850_general_ci    |      1 |
| hp8      | HP West European                | hp8_english_ci      |      1 |
| koi8r    | KOI8-R Relcom Russian           | koi8r_general_ci    |      1 |
| latin1   | cp1252 West European            | latin1_swedish_ci   |      1 |
| latin2   | ISO 8859-2 Central European     | latin2_general_ci   |      1 |
| swe7     | 7bit Swedish                    | swe7_swedish_ci     |      1 |
| ascii    | US ASCII                        | ascii_general_ci    |      1 |
| ujis     | EUC-JP Japanese                 | ujis_japanese_ci    |      3 |
| sjis     | Shift-JIS Japanese              | sjis_japanese_ci    |      2 |
| hebrew   | ISO 8859-8 Hebrew               | hebrew_general_ci   |      1 |
| tis620   | TIS620 Thai                     | tis620_thai_ci      |      1 |
| euckr    | EUC-KR Korean                   | euckr_korean_ci     |      2 |
| koi8u    | KOI8-U Ukrainian                | koi8u_general_ci    |      1 |
| gb2312   | GB2312 Simplified Chinese       | gb2312_chinese_ci   |      2 |
| greek    | ISO 8859-7 Greek                | greek_general_ci    |      1 |
| cp1250   | Windows Central European        | cp1250_general_ci   |      1 |
| gbk      | GBK Simplified Chinese          | gbk_chinese_ci      |      2 |
| latin5   | ISO 8859-9 Turkish              | latin5_turkish_ci   |      1 |
| armscii8 | ARMSCII-8 Armenian              | armscii8_general_ci |      1 |
| utf8     | UTF-8 Unicode                   | utf8_general_ci     |      3 |
| ucs2     | UCS-2 Unicode                   | ucs2_general_ci     |      2 |
| cp866    | DOS Russian                     | cp866_general_ci    |      1 |
| keybcs2  | DOS Kamenicky Czech-Slovak      | keybcs2_general_ci  |      1 |
| macce    | Mac Central European            | macce_general_ci    |      1 |
| macroman | Mac West European               | macroman_general_ci |      1 |
| cp852    | DOS Central European            | cp852_general_ci    |      1 |
| latin7   | ISO 8859-13 Baltic              | latin7_general_ci   |      1 |
| utf8mb4  | UTF-8 Unicode                   | utf8mb4_general_ci  |      4 |
| cp1251   | Windows Cyrillic                | cp1251_general_ci   |      1 |
| utf16    | UTF-16 Unicode                  | utf16_general_ci    |      4 |
| utf16le  | UTF-16LE Unicode                | utf16le_general_ci  |      4 |
| cp1256   | Windows Arabic                  | cp1256_general_ci   |      1 |
| cp1257   | Windows Baltic                  | cp1257_general_ci   |      1 |
| utf32    | UTF-32 Unicode                  | utf32_general_ci    |      4 |
| binary   | Binary pseudo charset           | binary              |      1 |
| geostd8  | GEOSTD8 Georgian                | geostd8_general_ci  |      1 |
| cp932    | SJIS for Windows Japanese       | cp932_japanese_ci   |      2 |
| eucjpms  | UJIS for Windows Japanese       | eucjpms_japanese_ci |      3 |
| gb18030  | China National Standard GB18030 | gb18030_chinese_ci  |      4 |
+----------+---------------------------------+---------------------+--------+

mysql> show charset like "utf8mb4";
+---------+---------------+--------------------+--------+
| Charset | Description   | Default collation  | Maxlen |
+---------+---------------+--------------------+--------+
| utf8mb4 | UTF-8 Unicode | utf8mb4_general_ci |      4 |
+---------+---------------+--------------------+--------+
```

Maxlen：表示该字符集占用的最大字节长度。

Default collation：表示默认的排序规则。

<span style="color:red">排序规则以“_ci”结尾的都不区分大小定。</span>

## 示例6——建库建表时指定字符集

```
mysql> create database dbtest0 character set gbk;
mysql> show create database dbtest0;
+----------+-----------------------------------------------------------------+
| Database | Create Database                                                 |
+----------+-----------------------------------------------------------------+
| dbtest0  | CREATE DATABASE `dbtest0` /*!40100 DEFAULT CHARACTER SET gbk */ |
+----------+-----------------------------------------------------------------+

mysql> CREATE TABLE dbtest0.t0 (
    -> a VARCHAR ( 10 ) charset latin1,
    -> b CHAR ( 10 ) charset gb18030 
    -> ) charset = utf8;
mysql> show create table dbtest0.t0\G
*************************** 1. row ***************************
       Table: t0
Create Table: CREATE TABLE `t0` (
  `a` varchar(10) CHARACTER SET latin1 DEFAULT NULL,
  `b` char(10) CHARACTER SET gb18030 DEFAULT NULL
) ENGINE=InnoDB DEFAULT CHARSET=utf8
```



# 排序规则

一组用于比较字符集中的字符的规则。

1. “Default collation”表示默认的排序规则，而一般排序规则后带有“ci”的则意为“case insensitive”即忽略字符大小写（见示例2），而排序规则会直接影响索引的检索（见示例3）。
2. 在使用不区分大小写的排序规则上会使得"a"="A"（见示例4）。
3. 通过“SHOW COLLATION”可查看当前MySQL实例支持的排序规则（见示例5）。
4. 如需实现严格区分大小写可将排序规则指定为“..._bin”类型的即可（见示例3），但严格区分大小写仍不会去除字符后带有的空格。
5. 可在“CREATE DATABASE”或“SET NAMES”指定字符集的默认排序规则（见示例3）。

建库时指定排序规则：

```
CREATE {DATABASE | SCHEMA} [IF NOT EXISTS] db_name [create_specification] ...

create_specification：
		[DEFAULT] CHARACTER SET [=] charset_name | [DEFAULT] COLLATE [=] collation_name
```

对当前会话指定一个字符集以及排序规则：

```
SET NAMES {'charset_name' [COLLATE 'collation_name'] | DEFAULT}
```

## 示例2——排序规则是否区分大小写

```
mysql> set names utf8mb4 collate utf8mb4_general_ci;
mysql> select "a" = "A";
+-----------+
| "a" = "A" |
+-----------+
|         1 |
+-----------+

mysql> set names binary collate "binary";
mysql> select "a" = "A";
+-----------+
| "a" = "A" |
+-----------+
|         0 |
+-----------+
```

## 示例3——排序规则影响索引的检索

```
mysql> create table t3 (s1 char(10) not null);
mysql> insert into t3 values ("a"),("A");
mysql> set names utf8mb4 collate utf8mb4_general_ci;
mysql> select "a" = "A";
+-----------+
| "a" = "A" |
+-----------+
|         1 |
+-----------+

mysql> set names utf8mb4 collate utf8mb4_bin;
mysql> select "a"="A";
+---------+
| "a"="A" |
+---------+
|       0 |
+---------+
```



## 示例4——默认字符集无法区分大小写

```
mysql> SELECT "A"="a   ";
+------------+
| "A"="a   " |
+------------+
|          1 |
+------------+
mysql> SELECT "A"="  a";
+-----------+
| "A"="  a" |
+-----------+
|         0 |
+-----------+
mysql> SELECT "A   "="a ";
+-------------+
| "A   "="a " |
+-------------+
|           1 |
+-------------+
```



## 示例5——查看排序规则

```
mysql> show collation;
+--------------------------+----------+-----+---------+----------+---------+
| Collation                | Charset  | Id  | Default | Compiled | Sortlen |
+--------------------------+----------+-----+---------+----------+---------+
| big5_chinese_ci          | big5     |   1 | Yes     | Yes      |       1 |
| big5_bin                 | big5     |  84 |         | Yes      |       1 |
| dec8_swedish_ci          | dec8     |   3 | Yes     | Yes      |       1 |
| dec8_bin                 | dec8     |  69 |         | Yes      |       1 |
| cp850_general_ci         | cp850    |   4 | Yes     | Yes      |       1 |
| cp850_bin                | cp850    |  80 |         | Yes      |       1 |
| hp8_english_ci           | hp8      |   6 | Yes     | Yes      |       1 |
| hp8_bin                  | hp8      |  72 |         | Yes      |       1 |
| koi8r_general_ci         | koi8r    |   7 | Yes     | Yes      |       1 |
......

mysql> show collation like "%utf8mb4%";
+------------------------+---------+-----+---------+----------+---------+
| Collation              | Charset | Id  | Default | Compiled | Sortlen |
+------------------------+---------+-----+---------+----------+---------+
| utf8mb4_general_ci     | utf8mb4 |  45 | Yes     | Yes      |       1 |
| utf8mb4_bin            | utf8mb4 |  46 |         | Yes      |       1 |
| utf8mb4_unicode_ci     | utf8mb4 | 224 |         | Yes      |       8 |
| utf8mb4_icelandic_ci   | utf8mb4 | 225 |         | Yes      |       8 |
| utf8mb4_latvian_ci     | utf8mb4 | 226 |         | Yes      |       8 |
| utf8mb4_romanian_ci    | utf8mb4 | 227 |         | Yes      |       8 |
| utf8mb4_slovenian_ci   | utf8mb4 | 228 |         | Yes      |       8 |
| utf8mb4_polish_ci      | utf8mb4 | 229 |         | Yes      |       8 |
| utf8mb4_estonian_ci    | utf8mb4 | 230 |         | Yes      |       8 |
| utf8mb4_spanish_ci     | utf8mb4 | 231 |         | Yes      |       8 |
| utf8mb4_swedish_ci     | utf8mb4 | 232 |         | Yes      |       8 |
| utf8mb4_turkish_ci     | utf8mb4 | 233 |         | Yes      |       8 |
| utf8mb4_czech_ci       | utf8mb4 | 234 |         | Yes      |       8 |
| utf8mb4_danish_ci      | utf8mb4 | 235 |         | Yes      |       8 |
| utf8mb4_lithuanian_ci  | utf8mb4 | 236 |         | Yes      |       8 |
| utf8mb4_slovak_ci      | utf8mb4 | 237 |         | Yes      |       8 |
| utf8mb4_spanish2_ci    | utf8mb4 | 238 |         | Yes      |       8 |
| utf8mb4_roman_ci       | utf8mb4 | 239 |         | Yes      |       8 |
| utf8mb4_persian_ci     | utf8mb4 | 240 |         | Yes      |       8 |
| utf8mb4_esperanto_ci   | utf8mb4 | 241 |         | Yes      |       8 |
| utf8mb4_hungarian_ci   | utf8mb4 | 242 |         | Yes      |       8 |
| utf8mb4_sinhala_ci     | utf8mb4 | 243 |         | Yes      |       8 |
| utf8mb4_german2_ci     | utf8mb4 | 244 |         | Yes      |       8 |
| utf8mb4_croatian_ci    | utf8mb4 | 245 |         | Yes      |       8 |
| utf8mb4_unicode_520_ci | utf8mb4 | 246 |         | Yes      |       8 |
| utf8mb4_vietnamese_ci  | utf8mb4 | 247 |         | Yes      |       8 |
+------------------------+---------+-----+---------+----------+---------+
```

